// Jest Snapshot v1, https://goo.gl/fbAQLP

exports[`Bag.tsx matches base snapshot 1`] = `
<DocumentFragment>
  <span
    class=""
    style="display: contents;"
  >
    <span
      class=" _dsp_contents"
    >
      <span
        class=" t_light _dsp_contents is_Theme"
      >
        <div
          style="display: contents;"
        />
      </span>
    </span>
  </span>
</DocumentFragment>
`;
